../Core/Src/main.c:145:6:log_message	272	static
../Core/Src/main.c:158:6:ntp_receive	72	static
../Core/Src/main.c:181:6:sync_rtc_with_ntp	96	static
../Core/Src/main.c:211:7:movingAverage	24	static
../Core/Src/main.c:217:7:computeRMS	24	static
../Core/Src/main.c:225:6:store_broadcast_ip	24	static
../Core/Src/main.c:253:5:main	312	static
../Core/Src/main.c:383:6:SystemClock_Config	88	static
../Core/Src/main.c:439:13:MX_ADC1_Init	24	static
../Core/Src/main.c:509:13:MX_RTC_Init	32	static
../Core/Src/main.c:572:13:MX_TIM2_Init	40	static
../Core/Src/main.c:617:13:MX_USART3_UART_Init	8	static
../Core/Src/main.c:650:13:MX_DMA_Init	16	static
../Core/Src/main.c:668:13:MX_GPIO_Init	56	static
../Core/Src/main.c:735:6:HAL_ADC_ConvCpltCallback	16	static
../Core/Src/main.c:749:6:StartDefaultTask	24	static
../Core/Src/main.c:775:6:LogMessageTask	288	static
../Core/Src/main.c:804:6:StartClientTask	48	static
../Core/Src/main.c:859:6:StartServerTask	864	static
../Core/Src/main.c:945:6:StartHeartBeatTask	16	static
../Core/Src/main.c:964:6:StartBroadCast	304	static
../Core/Src/main.c:1032:6:StartMasterTask	24	static
../Core/Src/main.c:1070:6:StartADCTask	112	static
../Core/Src/main.c:1185:6:StartServerBroadcastTask	296	static
../Core/Src/main.c:1230:6:HAL_TIM_PeriodElapsedCallback	16	static
../Core/Src/main.c:1248:6:Error_Handler	4	static,ignoring_inline_asm
