../Core/Src/main.c:138:6:log_message	272	static
../Core/Src/main.c:151:6:ntp_receive	72	static
../Core/Src/main.c:174:6:sync_rtc_with_ntp	96	static
../Core/Src/main.c:204:7:movingAverage	24	static
../Core/Src/main.c:210:7:computeRMS	24	static
../Core/Src/main.c:218:6:store_broadcast_ip	16	static
../Core/Src/main.c:225:6:broadcast_receive_callback	296	static
../Core/Src/main.c:248:5:main	280	static
../Core/Src/main.c:374:6:SystemClock_Config	88	static
../Core/Src/main.c:430:13:MX_ADC1_Init	24	static
../Core/Src/main.c:500:13:MX_RTC_Init	32	static
../Core/Src/main.c:563:13:MX_TIM2_Init	40	static
../Core/Src/main.c:608:13:MX_USART3_UART_Init	8	static
../Core/Src/main.c:641:13:MX_DMA_Init	16	static
../Core/Src/main.c:659:13:MX_GPIO_Init	56	static
../Core/Src/main.c:726:6:HAL_ADC_ConvCpltCallback	16	static
../Core/Src/main.c:740:6:StartDefaultTask	24	static
../Core/Src/main.c:766:6:LogMessageTask	288	static
../Core/Src/main.c:795:6:StartClientTask	40	static
../Core/Src/main.c:834:6:StartServerTask	864	static
../Core/Src/main.c:920:6:StartHeartBeatTask	16	static
../Core/Src/main.c:939:6:StartBroadCast	312	static
../Core/Src/main.c:1010:6:StartMasterTask	24	static
../Core/Src/main.c:1048:6:StartADCTask	112	static
../Core/Src/main.c:1164:6:HAL_TIM_PeriodElapsedCallback	16	static
../Core/Src/main.c:1182:6:Error_Handler	4	static,ignoring_inline_asm
