../Core/Src/main.c:140:6:log_message	272	static
../Core/Src/main.c:153:6:ntp_receive	72	static
../Core/Src/main.c:176:6:sync_rtc_with_ntp	96	static
../Core/Src/main.c:206:7:movingAverage	24	static
../Core/Src/main.c:212:7:computeRMS	24	static
../Core/Src/main.c:220:6:store_broadcast_ip	16	static
../Core/Src/main.c:227:6:broadcast_receive_callback	296	static
../Core/Src/main.c:250:5:main	312	static
../Core/Src/main.c:380:6:SystemClock_Config	88	static
../Core/Src/main.c:436:13:MX_ADC1_Init	24	static
../Core/Src/main.c:506:13:MX_RTC_Init	32	static
../Core/Src/main.c:569:13:MX_TIM2_Init	40	static
../Core/Src/main.c:614:13:MX_USART3_UART_Init	8	static
../Core/Src/main.c:647:13:MX_DMA_Init	16	static
../Core/Src/main.c:665:13:MX_GPIO_Init	56	static
../Core/Src/main.c:732:6:HAL_ADC_ConvCpltCallback	16	static
../Core/Src/main.c:746:6:StartDefaultTask	24	static
../Core/Src/main.c:772:6:LogMessageTask	288	static
../Core/Src/main.c:801:6:StartClientTask	40	static
../Core/Src/main.c:840:6:StartServerTask	864	static
../Core/Src/main.c:926:6:StartHeartBeatTask	16	static
../Core/Src/main.c:945:6:StartBroadCast	304	static
../Core/Src/main.c:1016:6:StartMasterTask	24	static
../Core/Src/main.c:1054:6:StartADCTask	112	static
../Core/Src/main.c:1169:6:StartServerBroadcastTask	296	static
../Core/Src/main.c:1215:6:HAL_TIM_PeriodElapsedCallback	16	static
../Core/Src/main.c:1233:6:Error_Handler	4	static,ignoring_inline_asm
