../Core/Src/main.c:133:6:log_message	272	static
../Core/Src/main.c:146:6:ntp_receive	72	static
../Core/Src/main.c:169:6:sync_rtc_with_ntp	96	static
../Core/Src/main.c:199:7:movingAverage	24	static
../Core/Src/main.c:205:7:computeRMS	24	static
../Core/Src/main.c:219:5:main	280	static
../Core/Src/main.c:345:6:SystemClock_Config	88	static
../Core/Src/main.c:401:13:MX_ADC1_Init	24	static
../Core/Src/main.c:471:13:MX_RTC_Init	32	static
../Core/Src/main.c:534:13:MX_TIM2_Init	40	static
../Core/Src/main.c:579:13:MX_USART3_UART_Init	8	static
../Core/Src/main.c:612:13:MX_DMA_Init	16	static
../Core/Src/main.c:630:13:MX_GPIO_Init	56	static
../Core/Src/main.c:697:6:HAL_ADC_ConvCpltCallback	16	static
../Core/Src/main.c:711:6:StartDefaultTask	24	static
../Core/Src/main.c:737:6:LogMessageTask	288	static
../Core/Src/main.c:766:6:StartClientTask	16	static
../Core/Src/main.c:784:6:StartServerTask	616	static
../Core/Src/main.c:868:6:StartHeartBeatTask	16	static
../Core/Src/main.c:887:6:StartBroadCast	304	static
../Core/Src/main.c:954:6:StartMasterTask	24	static
../Core/Src/main.c:992:6:StartADCTask	112	static
../Core/Src/main.c:1108:6:HAL_TIM_PeriodElapsedCallback	16	static
../Core/Src/main.c:1126:6:Error_Handler	4	static,ignoring_inline_asm
