../Core/Src/main.c:124:9:BCD_to_DEC	16	static
../Core/Src/main.c:128:9:DEC_to_BCD	16	static
../Core/Src/main.c:146:5:main	336	static
../Core/Src/main.c:289:6:SystemClock_Config	88	static
../Core/Src/main.c:345:13:MX_ADC1_Init	24	static
../Core/Src/main.c:415:13:MX_I2C1_Init	8	static
../Core/Src/main.c:463:13:MX_RTC_Init	32	static
../Core/Src/main.c:526:13:MX_SPI2_Init	8	static
../Core/Src/main.c:566:13:MX_TIM2_Init	40	static
../Core/Src/main.c:611:13:MX_USART3_UART_Init	8	static
../Core/Src/main.c:644:13:MX_DMA_Init	16	static
../Core/Src/main.c:662:13:MX_GPIO_Init	56	static
../Core/Src/main.c:739:6:HAL_ADC_ConvCpltCallback	16	static
../Core/Src/main.c:753:6:StartDefaultTask	24	static
../Core/Src/main.c:779:6:LogMessageTask	544	static
../Core/Src/main.c:810:6:StartHeartBeatTask	16	static
../Core/Src/main.c:831:6:StartMasterTask	24	static
../Core/Src/main.c:871:6:StartRTCTask	80	static
../Core/Src/main.c:929:6:HAL_TIM_PeriodElapsedCallback	16	static
../Core/Src/main.c:947:6:Error_Handler	4	static,ignoring_inline_asm
