../Core/Src/main.c:152:9:BCD_to_DEC	16	static
../Core/Src/main.c:156:9:DEC_to_BCD	16	static
../Core/Src/main.c:171:6:log_message	272	static
../Core/Src/main.c:184:6:ntp_receive	72	static
../Core/Src/main.c:207:6:sync_rtc_with_ntp	96	static
../Core/Src/main.c:237:7:movingAverage	24	static
../Core/Src/main.c:243:7:computeRMS	24	static
../Core/Src/main.c:251:6:store_broadcast_ip	24	static
../Core/Src/main.c:271:6:FRAM_Write	24	static
../Core/Src/main.c:293:9:FRAM_Read	24	static
../Core/Src/main.c:312:13:extract_rms_xyz	32	static
../Core/Src/main.c:319:13:fram_update_rms	56	static
../Core/Src/main.c:347:16:get_node_index	16	static
../Core/Src/main.c:354:19:RTC_ReadTime	32	static
../Core/Src/main.c:370:19:RTC_SetTime	32	static
../Core/Src/main.c:384:6:rtc_get_timestamp	72	static
../Core/Src/main.c:410:5:main	336	static
../Core/Src/main.c:553:6:SystemClock_Config	88	static
../Core/Src/main.c:609:13:MX_ADC1_Init	24	static
../Core/Src/main.c:679:13:MX_I2C1_Init	8	static
../Core/Src/main.c:727:13:MX_RTC_Init	32	static
../Core/Src/main.c:790:13:MX_SPI2_Init	8	static
../Core/Src/main.c:830:13:MX_TIM2_Init	40	static
../Core/Src/main.c:875:13:MX_USART3_UART_Init	8	static
../Core/Src/main.c:908:13:MX_DMA_Init	16	static
../Core/Src/main.c:926:13:MX_GPIO_Init	56	static
../Core/Src/main.c:1003:6:HAL_ADC_ConvCpltCallback	16	static
../Core/Src/main.c:1017:6:StartDefaultTask	24	static
../Core/Src/main.c:1043:6:LogMessageTask	288	static
../Core/Src/main.c:1072:6:StartClientTask	48	static
../Core/Src/main.c:1127:6:StartServerTask	880	static
../Core/Src/main.c:1237:6:StartHeartBeatTask	16	static
../Core/Src/main.c:1256:6:StartBroadCast	304	static
../Core/Src/main.c:1324:6:StartMasterTask	24	static
../Core/Src/main.c:1362:6:StartADCTask	112	static
../Core/Src/main.c:1477:6:StartServerBroadcastTask	296	static
../Core/Src/main.c:1521:6:StartRTCTask	72	static
../Core/Src/main.c:1573:6:HAL_TIM_PeriodElapsedCallback	16	static
../Core/Src/main.c:1591:6:Error_Handler	4	static,ignoring_inline_asm
