../Core/Src/main.c:133:6:log_message	272	static
../Core/Src/main.c:146:6:ntp_receive	72	static
../Core/Src/main.c:169:6:sync_rtc_with_ntp	96	static
../Core/Src/main.c:199:7:movingAverage	24	static
../Core/Src/main.c:205:7:computeRMS	24	static
../Core/Src/main.c:219:5:main	280	static
../Core/Src/main.c:345:6:SystemClock_Config	88	static
../Core/Src/main.c:394:13:MX_ADC1_Init	24	static
../Core/Src/main.c:464:13:MX_RTC_Init	32	static
../Core/Src/main.c:527:13:MX_TIM2_Init	40	static
../Core/Src/main.c:572:13:MX_USART3_UART_Init	8	static
../Core/Src/main.c:605:13:MX_DMA_Init	16	static
../Core/Src/main.c:623:13:MX_GPIO_Init	56	static
../Core/Src/main.c:690:6:HAL_ADC_ConvCpltCallback	16	static
../Core/Src/main.c:704:6:StartDefaultTask	24	static
../Core/Src/main.c:730:6:LogMessageTask	288	static
../Core/Src/main.c:759:6:StartClientTask	16	static
../Core/Src/main.c:777:6:StartServerTask	608	static
../Core/Src/main.c:858:6:StartHeartBeatTask	16	static
../Core/Src/main.c:877:6:StartBroadCast	304	static
../Core/Src/main.c:944:6:StartMasterTask	24	static
../Core/Src/main.c:982:6:StartADCTask	112	static
../Core/Src/main.c:1096:6:HAL_TIM_PeriodElapsedCallback	16	static
../Core/Src/main.c:1114:6:Error_Handler	4	static,ignoring_inline_asm
